// Jest Snapshot v1, https://goo.gl/fbAQLP

exports[`should render the Calculator page correctly 1`] = `
<h2
  class="text-4xl text-white font-semibold my-12 px-2 sm:ml-6"
>
  Lets do some Math!
</h2>
`;
