// Jest Snapshot v1, https://goo.gl/fbAQLP

exports[`Homepage Check if Home page rendered properly 1`] = `
<h1
  class="text-4xl text-white font-semibold my-12 px-2 sm:ml-6"
>
  Welcome to our Page!
</h1>
`;

exports[`Homepage Check if Home page rendered properly 2`] = `
<h1
  class="text-4xl text-white font-semibold my-12 px-2 sm:ml-6"
>
  Welcome to our Page!
</h1>
`;
