// Jest Snapshot v1, https://goo.gl/fbAQLP

exports[`Quote page should render properly 1`] = `
<p
  class="text-2xl prose-blockquote"
  data-testid="1"
>
  Mathematics are the result of mysterious powers which no one understands, and which the unconscious recognition of beauty must play an important part. Out of an infinity of designs a mathematician chooses one pattern for beautyâ€™s sake and pulls it down to earth.
</p>
`;
